Compiling 1 files with 0.8.17
Solc 0.8.17 finished in 758.18ms
Compiler run successful (with warnings)
[33mwarning[2519]: [0m[33mWarning: This declaration shadows an existing declaration.
  --> lib/foundry-huff/lib/solidity-stringutils/strings.sol:45:42:
   |
45 |     function memcpy(uint dest, uint src, uint len) private pure {
   |                                          ^^^^^^^^
Note: The shadowed declaration is here:
  --> lib/foundry-huff/lib/solidity-stringutils/strings.sol:85:5:
   |
85 |     function len(bytes32 self) internal pure returns (uint) {
   |     ^ (Relevant source part starts here and spans across multiple lines).
Note: The shadowed declaration is here:
   --> lib/foundry-huff/lib/solidity-stringutils/strings.sol:160:5:
    |
160 |     function len(slice memory self) internal pure returns (uint l) {
    |     ^ (Relevant source part starts here and spans across multiple lines).

[0m

[33mwarning[2072]: [0m[33mWarning: Unused local variable.
   --> test/MHarvestExploit.t.sol:106:9:
    |
106 |         uint amount = USDC.balanceOf(lendingPoolCore);
    |         ^^^^^^^^^^^

[0m

[33mwarning[5667]: [0m[33mWarning: Unused function parameter. Remove or comment out the variable name to silence this warning.
   --> test/MHarvestExploit.t.sol:113:80:
    |
113 |     function executeOperation(address _reserve, uint256 _amount, uint256 _fee, bytes calldata _params) external {
    |                                                                                ^^^^^^^^^^^^^^^^^^^^^^

[0m

[33mwarning[5667]: [0m[33mWarning: Unused function parameter. Remove or comment out the variable name to silence this warning.
   --> test/MHarvestExploit.t.sol:166:28:
    |
166 |     function uniswapV2Call(address sender, uint amount0, uint amount1, bytes calldata data) external {
    |                            ^^^^^^^^^^^^^^

[0m

[33mwarning[5667]: [0m[33mWarning: Unused function parameter. Remove or comment out the variable name to silence this warning.
   --> test/MHarvestExploit.t.sol:166:44:
    |
166 |     function uniswapV2Call(address sender, uint amount0, uint amount1, bytes calldata data) external {
    |                                            ^^^^^^^^^^^^

[0m

[33mwarning[5667]: [0m[33mWarning: Unused function parameter. Remove or comment out the variable name to silence this warning.
   --> test/MHarvestExploit.t.sol:166:72:
    |
166 |     function uniswapV2Call(address sender, uint amount0, uint amount1, bytes calldata data) external {
    |                                                                        ^^^^^^^^^^^^^^^^^^^

[0m


Running 1 test for test/MHarvestExploit.t.sol:ExploitTest
[32m[PASS][0m testExploit() (gas: 57103)
Logs:
  [+]: flash loan
  exploit contract: 0x7fa9385be102ac3eac297483dd6233d62b3e1496
  exploit balance: 0
  
: 
  RE GOOD?: GOOD?


Traces:
  [22269] [32mExploitTest[0m::[32msetUp[0m() [33m[0m
    └─ [32m← [0m()

  [57103] [32mExploitTest[0m::[32mtestExploit[0m() [33m[0m
    ├─ emit [36mlog_named_string[0m(key: [+], val: flash loan)
    ├─ emit [36mlog_named_address[0m(key: exploit contract, val: ExploitTest: [0x7FA9385bE102ac3EAc297483Dd6233D62b3e1496])
    ├─ [9793] [32m0xA0b86991c6218b36c1d19D4a2e9Eb0cE3606eB48[0m::[32mbalanceOf[0m(ExploitTest: [0x7FA9385bE102ac3EAc297483Dd6233D62b3e1496]) [33m[staticcall][0m
    │   ├─ [2507] [32m0xB7277a6e95992041568D9391D09d0122023778A2[0m::[32mbalanceOf[0m(ExploitTest: [0x7FA9385bE102ac3EAc297483Dd6233D62b3e1496]) [33m[delegatecall][0m
    │   │   └─ [32m← [0m0x0000000000000000000000000000000000000000000000000000000000000000
    │   └─ [32m← [0m0x0000000000000000000000000000000000000000000000000000000000000000
    ├─ emit [36mlog_named_uint[0m(key: exploit balance, val: 0)
    ├─ emit [36mlog_named_string[0m(key: 
    │ , val: )
    ├─ [3293] [32m0xA0b86991c6218b36c1d19D4a2e9Eb0cE3606eB48[0m::[32mbalanceOf[0m(0x6D252BaEa75459Ed0077410613c5f6e51cAb4750) [33m[staticcall][0m
    │   ├─ [2507] [32m0xB7277a6e95992041568D9391D09d0122023778A2[0m::[32mbalanceOf[0m(0x6D252BaEa75459Ed0077410613c5f6e51cAb4750) [33m[delegatecall][0m
    │   │   └─ [32m← [0m0x0000000000000000000000000000000000000000000000000000000000000000
    │   └─ [32m← [0m0x0000000000000000000000000000000000000000000000000000000000000000
    ├─ [2471] [32m0x24a42fD28C976A61Df5D00D0599C34c4f90748c8[0m::[32mgetLendingPool[0m() [33m[staticcall][0m
    │   └─ [32m← [0m0x000000000000000000000000398ec7346dcd622edc5ae82352f02be94c62d119
    ├─ emit [36mlog_named_string[0m(key: RE GOOD?, val: GOOD?
    │ )
    └─ [32m← [0m()

Test result: [32mok[0m. 1 passed; 0 failed; finished in 270.01ms
